---
source: src/codegen/cuda.rs
expression: code
---
#include <algorithm>
#include <limits>
#include <chrono>
#include <iostream>
#include <cstring>
#include <cuda.h>
#include "common.cuh"
#include "cudnn_setting.h"

__device__ float kernel_3_device(float value_4) {
    float local_0 = ((0 <= value_4) ? value_4 : 0);
return local_0;
};
__global__ void kernel_3_global(float* value_5, float* value_4) {
    int gid = blockIdx.x * blockDim.x + threadIdx.x;
    if (2048 <= gid) return;
    value_5[to_tensor_idx4d(gid, 16, 16, 8, 0, 128, 8, 1)] = kernel_3_device(value_4[to_tensor_idx4d(gid, 16, 16, 8, 0, 128, 8, 1)]);
}
void init_cudnn_2(CudnnConvSetting &setting, CudnnHandlerContext &cudnn_handler_ctx) {
  cudnnCheckErr(cudnnCreateTensorDescriptor(&setting.x_desc));
  cudnnCheckErr(cudnnSetTensor4dDescriptor(setting.x_desc, CUDNN_TENSOR_NCHW, CUDNN_DATA_FLOAT, 1, 3, 16, 16));
  cudnnCheckErr(cudnnCreateTensorDescriptor(&setting.y_desc));
  cudnnCheckErr(cudnnSetTensor4dDescriptor(setting.y_desc, CUDNN_TENSOR_NHWC, CUDNN_DATA_FLOAT, 1, 8, 16, 16));
  cudnnCheckErr(cudnnCreateFilterDescriptor(&setting.w_desc));
  cudnnCheckErr(cudnnSetFilter4dDescriptor(setting.w_desc, CUDNN_DATA_FLOAT, CUDNN_TENSOR_NCHW, 8, 3, 3, 3));
  cudnnCheckErr(cudnnCreateActivationDescriptor(&setting.activation_desc));
  cudnnCheckErr(cudnnSetActivationDescriptor(setting.activation_desc, CUDNN_ACTIVATION_IDENTITY, CUDNN_NOT_PROPAGATE_NAN, 0));
  cudnnCheckErr(cudnnCreateConvolutionDescriptor(&setting.conv_desc));
  cudnnCheckErr(cudnnSetConvolution2dDescriptor(setting.conv_desc, 1, 1, 1, 1, 1, 1, CUDNN_CROSS_CORRELATION, CUDNN_DATA_FLOAT));
  setting.find_best_algo(&cudnn_handler_ctx);
}
void init_cudnn_5(CudnnConvSetting &setting, CudnnHandlerContext &cudnn_handler_ctx) {
  cudnnCheckErr(cudnnCreateTensorDescriptor(&setting.x_desc));
  cudnnCheckErr(cudnnSetTensor4dDescriptor(setting.x_desc, CUDNN_TENSOR_NHWC, CUDNN_DATA_FLOAT, 1, 8, 16, 16));
  cudnnCheckErr(cudnnCreateTensorDescriptor(&setting.y_desc));
  cudnnCheckErr(cudnnSetTensor4dDescriptor(setting.y_desc, CUDNN_TENSOR_NCHW, CUDNN_DATA_FLOAT, 1, 16, 16, 16));
  cudnnCheckErr(cudnnCreateFilterDescriptor(&setting.w_desc));
  cudnnCheckErr(cudnnSetFilter4dDescriptor(setting.w_desc, CUDNN_DATA_FLOAT, CUDNN_TENSOR_NCHW, 16, 8, 3, 3));
  cudnnCheckErr(cudnnCreateActivationDescriptor(&setting.activation_desc));
  cudnnCheckErr(cudnnSetActivationDescriptor(setting.activation_desc, CUDNN_ACTIVATION_IDENTITY, CUDNN_NOT_PROPAGATE_NAN, 0));
  cudnnCheckErr(cudnnCreateConvolutionDescriptor(&setting.conv_desc));
  cudnnCheckErr(cudnnSetConvolution2dDescriptor(setting.conv_desc, 1, 1, 1, 1, 1, 1, CUDNN_CROSS_CORRELATION, CUDNN_DATA_FLOAT));
  setting.find_best_algo(&cudnn_handler_ctx);
}
struct ModelState {
  void *d_arena = nullptr;
  cudaStream_t stream_0 = nullptr;
  CudnnHandlerContext cudnn_handler_ctx0;
  CudnnConvSetting cudnn_setting2;
  CudnnConvSetting cudnn_setting5;
};

extern "C" void* model_init() {
  auto *state = new ModelState;
  cudaCheckErr(cudaMalloc(&state->d_arena, 40960));
  cudaCheckErr(cudaStreamCreate(&state->stream_0));
  cudnnCheckErr(cudnnCreate(&state->cudnn_handler_ctx0.handle));
  cudnnCheckErr(cudnnSetStream(state->cudnn_handler_ctx0.handle, state->stream_0));
  init_cudnn_2(state->cudnn_setting2, state->cudnn_handler_ctx0);
  init_cudnn_5(state->cudnn_setting5, state->cudnn_handler_ctx0);
  state->cudnn_handler_ctx0.workspace_max_size_in_bytes = std::max(state->cudnn_handler_ctx0.workspace_max_size_in_bytes, state->cudnn_setting2.workspace_size_in_bytes);
  state->cudnn_handler_ctx0.workspace_max_size_in_bytes = std::max(state->cudnn_handler_ctx0.workspace_max_size_in_bytes, state->cudnn_setting5.workspace_size_in_bytes);
  cudaCheckErr(cudaMalloc(&state->cudnn_handler_ctx0.workspace, state->cudnn_handler_ctx0.workspace_max_size_in_bytes));
  return state;
}

extern "C" void model_destroy(void *ptr) {
  auto *state = static_cast<ModelState*>(ptr);
  cudaCheckErr(cudaFree(state->d_arena));
  cudaCheckErr(cudaStreamDestroy(state->stream_0));
  cudaCheckErr(cudaFree(state->cudnn_handler_ctx0.workspace));
  cudnnCheckErr(cudnnDestroy(state->cudnn_handler_ctx0.handle));
  cudnnCheckErr(cudnnDestroyTensorDescriptor(state->cudnn_setting2.x_desc));
  cudnnCheckErr(cudnnDestroyTensorDescriptor(state->cudnn_setting2.y_desc));
  cudnnCheckErr(cudnnDestroyFilterDescriptor(state->cudnn_setting2.w_desc));
  cudnnCheckErr(cudnnDestroyConvolutionDescriptor(state->cudnn_setting2.conv_desc));
  cudnnCheckErr(cudnnDestroyActivationDescriptor(state->cudnn_setting2.activation_desc));
  cudnnCheckErr(cudnnDestroyTensorDescriptor(state->cudnn_setting5.x_desc));
  cudnnCheckErr(cudnnDestroyTensorDescriptor(state->cudnn_setting5.y_desc));
  cudnnCheckErr(cudnnDestroyFilterDescriptor(state->cudnn_setting5.w_desc));
  cudnnCheckErr(cudnnDestroyConvolutionDescriptor(state->cudnn_setting5.conv_desc));
  cudnnCheckErr(cudnnDestroyActivationDescriptor(state->cudnn_setting5.activation_desc));
  delete state;
}

extern "C" void model(void *state_ptr, void **output, void **input, void **initializer) {
  auto *state = static_cast<ModelState*>(state_ptr);
  float *h_input_2 = (float *)(input[0]);
  float *h_initializer_0 = (float *)(initializer[0]);
  float *h_initializer_1 = (float *)(initializer[1]);
  float *h_output_15 = (float *)(output[0]);
  void *d_chunk_0 = (char*)state->d_arena + 0;
  void *d_chunk_1 = (char*)state->d_arena + 8192;
  void *d_chunk_2 = (char*)state->d_arena + 24576;
  cudaStream_t stream_0 = state->stream_0;
  CudnnHandlerContext &cudnn_handler_ctx0 = state->cudnn_handler_ctx0;
  cudaCheckErr(cudaMemcpyAsync(d_chunk_1, h_input_2, 768 * sizeof(float), cudaMemcpyHostToDevice, stream_0));
  cudaCheckErr(cudaMemcpyAsync(d_chunk_2, h_initializer_0, 216 * sizeof(float), cudaMemcpyHostToDevice, stream_0));
  state->cudnn_setting2.x = d_chunk_1;
  state->cudnn_setting2.w = d_chunk_2;
  state->cudnn_setting2.y = d_chunk_0;
  state->cudnn_setting2.call_conv_forward<float>(&cudnn_handler_ctx0);
  kernel_3_global<<<8, 256, 0, stream_0>>>((float*)d_chunk_0, (float*)d_chunk_0);
  cudaCheckErr(cudaMemcpyAsync(d_chunk_1, h_initializer_1, 1152 * sizeof(float), cudaMemcpyHostToDevice, stream_0));
  state->cudnn_setting5.x = d_chunk_0;
  state->cudnn_setting5.w = d_chunk_1;
  state->cudnn_setting5.y = d_chunk_2;
  state->cudnn_setting5.call_conv_forward<float>(&cudnn_handler_ctx0);
  cudaCheckErr(cudaMemcpyAsync(h_output_15, d_chunk_2, 4096 * sizeof(float), cudaMemcpyDeviceToHost, stream_0));
  cudaCheckErr(cudaDeviceSynchronize());
}
